Archive member included to satisfy reference by file (symbol)

c:/nxp/mcuxpressoide_10.3.0_2200/ide/plugins/com.nxp.mcuxpresso.tools.win32_10.3.0.201811011841/tools/bin/../lib/gcc/arm-none-eabi/7.3.1/../../../../arm-none-eabi/lib/thumb/v6-m\libcr_nohost_nf.a(_cr__main.o)
                              ./startup/startup_mkl25z4.o (__main)
c:/nxp/mcuxpressoide_10.3.0_2200/ide/plugins/com.nxp.mcuxpresso.tools.win32_10.3.0.201811011841/tools/bin/../lib/gcc/arm-none-eabi/7.3.1/../../../../arm-none-eabi/lib/thumb/v6-m\libcr_c.a(memcpy.o)
                              ./drivers/fsl_flash.o (memcpy)
c:/nxp/mcuxpressoide_10.3.0_2200/ide/plugins/com.nxp.mcuxpresso.tools.win32_10.3.0.201811011841/tools/bin/../lib/gcc/arm-none-eabi/7.3.1/../../../../arm-none-eabi/lib/thumb/v6-m\libcr_c.a(memset.o)
                              ./drivers/fsl_flash.o (memset)
c:/nxp/mcuxpressoide_10.3.0_2200/ide/plugins/com.nxp.mcuxpresso.tools.win32_10.3.0.201811011841/tools/bin/../lib/gcc/arm-none-eabi/7.3.1/../../../../arm-none-eabi/lib/thumb/v6-m\libcr_c.a(alloc.o)
                              ./src/ring.o (malloc)
c:/nxp/mcuxpressoide_10.3.0_2200/ide/plugins/com.nxp.mcuxpresso.tools.win32_10.3.0.201811011841/tools/bin/../lib/gcc/arm-none-eabi/7.3.1/../../../../arm-none-eabi/lib/thumb/v6-m\libcr_c.a(initio.o)
                              c:/nxp/mcuxpressoide_10.3.0_2200/ide/plugins/com.nxp.mcuxpresso.tools.win32_10.3.0.201811011841/tools/bin/../lib/gcc/arm-none-eabi/7.3.1/../../../../arm-none-eabi/lib/thumb/v6-m\libcr_nohost_nf.a(_cr__main.o) (_initio)
c:/nxp/mcuxpressoide_10.3.0_2200/ide/plugins/com.nxp.mcuxpresso.tools.win32_10.3.0.201811011841/tools/bin/../lib/gcc/arm-none-eabi/7.3.1/../../../../arm-none-eabi/lib/thumb/v6-m\libcr_c.a(printf.o)
                              ./src/main.o (_snprintf)
c:/nxp/mcuxpressoide_10.3.0_2200/ide/plugins/com.nxp.mcuxpresso.tools.win32_10.3.0.201811011841/tools/bin/../lib/gcc/arm-none-eabi/7.3.1/../../../../arm-none-eabi/lib/thumb/v6-m\libcr_c.a(setvbuf.o)
                              c:/nxp/mcuxpressoide_10.3.0_2200/ide/plugins/com.nxp.mcuxpresso.tools.win32_10.3.0.201811011841/tools/bin/../lib/gcc/arm-none-eabi/7.3.1/../../../../arm-none-eabi/lib/thumb/v6-m\libcr_c.a(initio.o) (setvbuf)
c:/nxp/mcuxpressoide_10.3.0_2200/ide/plugins/com.nxp.mcuxpresso.tools.win32_10.3.0.201811011841/tools/bin/../lib/gcc/arm-none-eabi/7.3.1/../../../../arm-none-eabi/lib/thumb/v6-m\libcr_c.a(strlen.o)
                              ./utilities/fsl_debug_console.o (strlen)
c:/nxp/mcuxpressoide_10.3.0_2200/ide/plugins/com.nxp.mcuxpresso.tools.win32_10.3.0.201811011841/tools/bin/../lib/gcc/arm-none-eabi/7.3.1/../../../../arm-none-eabi/lib/thumb/v6-m\libcr_c.a(__init_alloc.o)
                              c:/nxp/mcuxpressoide_10.3.0_2200/ide/plugins/com.nxp.mcuxpresso.tools.win32_10.3.0.201811011841/tools/bin/../lib/gcc/arm-none-eabi/7.3.1/../../../../arm-none-eabi/lib/thumb/v6-m\libcr_c.a(alloc.o) (__heaps)
c:/nxp/mcuxpressoide_10.3.0_2200/ide/plugins/com.nxp.mcuxpresso.tools.win32_10.3.0.201811011841/tools/bin/../lib/gcc/arm-none-eabi/7.3.1/../../../../arm-none-eabi/lib/thumb/v6-m\libcr_c.a(_cr_sbrk.o)
                              c:/nxp/mcuxpressoide_10.3.0_2200/ide/plugins/com.nxp.mcuxpresso.tools.win32_10.3.0.201811011841/tools/bin/../lib/gcc/arm-none-eabi/7.3.1/../../../../arm-none-eabi/lib/thumb/v6-m\libcr_c.a(alloc.o) (_sbrk)
c:/nxp/mcuxpressoide_10.3.0_2200/ide/plugins/com.nxp.mcuxpresso.tools.win32_10.3.0.201811011841/tools/bin/../lib/gcc/arm-none-eabi/7.3.1/../../../../arm-none-eabi/lib/thumb/v6-m\libcr_c.a(_deferredlazyseek.o)
                              c:/nxp/mcuxpressoide_10.3.0_2200/ide/plugins/com.nxp.mcuxpresso.tools.win32_10.3.0.201811011841/tools/bin/../lib/gcc/arm-none-eabi/7.3.1/../../../../arm-none-eabi/lib/thumb/v6-m\libcr_c.a(printf.o) (__flsbuf)
c:/nxp/mcuxpressoide_10.3.0_2200/ide/plugins/com.nxp.mcuxpresso.tools.win32_10.3.0.201811011841/tools/bin/../lib/gcc/arm-none-eabi/7.3.1/../../../../arm-none-eabi/lib/thumb/v6-m\libcr_c.a(_fdopen.o)
                              c:/nxp/mcuxpressoide_10.3.0_2200/ide/plugins/com.nxp.mcuxpresso.tools.win32_10.3.0.201811011841/tools/bin/../lib/gcc/arm-none-eabi/7.3.1/../../../../arm-none-eabi/lib/thumb/v6-m\libcr_c.a(initio.o) (_fdopen)
c:/nxp/mcuxpressoide_10.3.0_2200/ide/plugins/com.nxp.mcuxpresso.tools.win32_10.3.0.201811011841/tools/bin/../lib/gcc/arm-none-eabi/7.3.1/../../../../arm-none-eabi/lib/thumb/v6-m\libcr_c.a(_fflush.o)
                              c:/nxp/mcuxpressoide_10.3.0_2200/ide/plugins/com.nxp.mcuxpresso.tools.win32_10.3.0.201811011841/tools/bin/../lib/gcc/arm-none-eabi/7.3.1/../../../../arm-none-eabi/lib/thumb/v6-m\libcr_c.a(_deferredlazyseek.o) (_fflush)
c:/nxp/mcuxpressoide_10.3.0_2200/ide/plugins/com.nxp.mcuxpresso.tools.win32_10.3.0.201811011841/tools/bin/../lib/gcc/arm-none-eabi/7.3.1/../../../../arm-none-eabi/lib/thumb/v6-m\libcr_c.a(_writebuf.o)
[...]
Memory Configuration

Name             Origin             Length             Attributes
PROGRAM_FLASH    0x00000000         0x00020000         xr
SRAM             0x1ffff000         0x00004000         xrw
*default*        0x00000000         0xffffffff

Linker script and memory map

LOAD ./utilities/fsl_debug_console.o
LOAD ./startup/startup_mkl25z4.o
LOAD ./src/main.o
LOAD ./src/mtb.o
LOAD ./src/ring.o
LOAD ./src/semihost_hardfault.o
LOAD ./drivers/fsl_clock.o
LOAD ./drivers/fsl_common.o
LOAD ./drivers/fsl_flash.o
LOAD ./drivers/fsl_gpio.o
LOAD ./drivers/fsl_lpsci.o
LOAD ./drivers/fsl_smc.o
LOAD ./drivers/fsl_uart.o
LOAD ./board/board.o
LOAD ./board/clock_config.o
LOAD ./board/peripherals.o
LOAD ./board/pin_mux.o
LOAD ./CMSIS/system_MKL25Z4.o
START GROUP
LOAD c:/nxp/mcuxpressoide_10.3.0_2200/ide/plugins/com.nxp.mcuxpresso.tools.win32_10.3.0.201811011841/tools/bin/../lib/gcc/arm-none-eabi/7.3.1/../../../../arm-none-eabi/lib/thumb/v6-m\libcr_nohost_nf.a
LOAD c:/nxp/mcuxpressoide_10.3.0_2200/ide/plugins/com.nxp.mcuxpresso.tools.win32_10.3.0.201811011841/tools/bin/../lib/gcc/arm-none-eabi/7.3.1/../../../../arm-none-eabi/lib/thumb/v6-m\libcr_c.a
LOAD c:/nxp/mcuxpressoide_10.3.0_2200/ide/plugins/com.nxp.mcuxpresso.tools.win32_10.3.0.201811011841/tools/bin/../lib/gcc/arm-none-eabi/7.3.1/thumb/v6-m\libcr_eabihelpers.a
END GROUP
                0x00000000                __base_PROGRAM_FLASH = 0x0
                0x00000000                __base_Flash = 0x0
                0x00020000                __top_PROGRAM_FLASH = 0x20000
                0x00020000                __top_Flash = 0x20000
                0x1ffff000                __base_SRAM = 0x1ffff000
                0x1ffff000                __base_RAM = 0x1ffff000
                0x20003000                __top_SRAM = 0x20003000
                0x20003000                __top_RAM = 0x20003000

.text           0x00000000     0x1b90
 FILL mask 0xff
                0x00000000                __vectors_start__ = ABSOLUTE (.)
 *(SORT_BY_ALIGNMENT(.isr_vector))
 .isr_vector    0x00000000       0xc0 ./startup/startup_mkl25z4.o
                0x00000000                g_pfnVectors
                0x00000000                __Vectors
                0x000000c0                . = ALIGN (0x4)
                0x000000c0                __section_table_start = .
                0x000000c0                __data_section_table = .
                0x000000c0        0x4 LONG 0x1b90 LOADADDR (.data)
                0x000000c4        0x4 LONG 0x1ffff080 ADDR (.data)
                0x000000c8        0x4 LONG 0x4 SIZEOF (.data)
                0x000000cc                __data_section_table_end = .
                0x000000cc                __bss_section_table = .
                0x000000cc        0x4 LONG 0x1ffff084 ADDR (.bss)
                0x000000d0        0x4 LONG 0xf8 SIZEOF (.bss)
                0x000000d4                __bss_section_table_end = .
                0x000000d4                __section_table_end = .
 *(SORT_BY_ALIGNMENT(.after_vectors*))
 .after_vectors.reset
                0x000000d4       0x4c ./startup/startup_mkl25z4.o
                0x000000d4                ResetISR
 .after_vectors.init_data
                0x00000120       0x16 ./startup/startup_mkl25z4.o
                0x00000120                data_init
 .after_vectors.init_bss
                0x00000136       0x12 ./startup/startup_mkl25z4.o
                0x00000136                bss_init
 .after_vectors
                0x00000148      0x10c ./startup/startup_mkl25z4.o
                0x00000148                NMI_Handler
                0x0000014c                SVC_Handler
                0x0000014e                PendSV_Handler
                0x00000150                SysTick_Handler
                0x00000152                LPTMR0_DriverIRQHandler
                0x00000152                Reserved39_DriverIRQHandler
                0x00000152                DMA0_DriverIRQHandler
                0x00000152                SPI1_DriverIRQHandler
                0x00000152                I2C0_DriverIRQHandler
                0x00000152                PORTD_DriverIRQHandler
                0x00000152                DMA2_DriverIRQHandler
                0x00000152                CMP0_DriverIRQHandler
                0x00000152                TPM2_DriverIRQHandler
                0x00000152                ADC0_DriverIRQHandler
                0x00000152                SPI0_DriverIRQHandler
                0x00000152                TSI0_DriverIRQHandler
                0x00000152                RTC_Seconds_DriverIRQHandler
                0x00000152                I2C1_DriverIRQHandler
                0x00000152                LLWU_DriverIRQHandler
                0x00000152                MCG_DriverIRQHandler
                0x00000152                DMA1_DriverIRQHandler
                0x00000152                PIT_DriverIRQHandler
                0x00000152                RTC_DriverIRQHandler
                0x00000152                FTFA_DriverIRQHandler
                0x00000152                IntDefaultHandler
                0x00000152                USB0_DriverIRQHandler
                0x00000152                DAC0_DriverIRQHandler
                0x00000152                TPM1_DriverIRQHandler
                0x00000152                LVD_LVW_DriverIRQHandler
                0x00000152                TPM0_DriverIRQHandler
                0x00000152                PORTA_DriverIRQHandler
                0x00000152                Reserved45_DriverIRQHandler
                0x00000152                Reserved20_DriverIRQHandler
                0x00000152                DMA3_DriverIRQHandler
                0x00000154                DMA0_IRQHandler
                0x0000015c                DMA1_IRQHandler
                0x00000164                DMA2_IRQHandler
                0x0000016c                DMA3_IRQHandler
                0x00000174                Reserved20_IRQHandler
                0x0000017c                FTFA_IRQHandler
                0x00000184                LVD_LVW_IRQHandler
                0x0000018c                LLWU_IRQHandler
                0x00000194                I2C0_IRQHandler
                0x0000019c                I2C1_IRQHandler
                0x000001a4                SPI0_IRQHandler
                0x000001ac                SPI1_IRQHandler
                0x000001bc                UART1_IRQHandler
                0x000001c4                UART2_IRQHandler
                0x000001cc                ADC0_IRQHandler
                0x000001d4                CMP0_IRQHandler
                0x000001dc                TPM0_IRQHandler
                0x000001e4                TPM1_IRQHandler
                0x000001ec                TPM2_IRQHandler
                0x000001f4                RTC_IRQHandler
                0x000001fc                RTC_Seconds_IRQHandler
                0x00000204                PIT_IRQHandler
                0x0000020c                Reserved39_IRQHandler
                0x00000214                USB0_IRQHandler
                0x0000021c                DAC0_IRQHandler
                0x00000224                TSI0_IRQHandler
                0x0000022c                MCG_IRQHandler
                0x00000234                LPTMR0_IRQHandler
                0x0000023c                Reserved45_IRQHandler
                0x00000244                PORTA_IRQHandler
                0x0000024c                PORTD_IRQHandler
                0x00000400                . = 0x400
 *fill*         0x00000254      0x1ac ff
                0x00000400                PROVIDE (__FLASH_CONFIG_START__ = .)
 *(SORT_BY_ALIGNMENT(.FlashConfig))
 .FlashConfig   0x00000400       0x10 ./startup/startup_mkl25z4.o
                0x00000400                Flash_Config
                0x00000410                PROVIDE (__FLASH_CONFIG_END__ = .)
                0x00000001                ASSERT (! ((__FLASH_CONFIG_START__ == __FLASH_CONFIG_END__)), Linker Flash Config Support Enabled, but no .FlashConfig section provided within application)
 *(SORT_BY_ALIGNMENT(.text*))
 .text.DbgConsole_Printf
                0x00000410       0x44 ./utilities/fsl_debug_console.o
                0x00000410                DbgConsole_Printf
 .text.DbgConsole_Putchar
                0x00000454       0x34 ./utilities/fsl_debug_console.o
                0x00000454                DbgConsole_Putchar
 .text.NVIC_EnableIRQ
                0x00000488       0x2c ./src/main.o
 .text.UART_Init_Polled
                0x000004b4      0x138 ./src/main.o
                0x000004b4                UART_Init_Polled
 .text.UART0_IRQHandler
                0x000005ec       0x70 ./src/main.o
                0x000005ec                UART0_IRQHandler
 .text.Rx_ready
                0x0000065c       0x1c ./src/main.o
                0x0000065c                Rx_ready
 .text.UART_Tx  0x00000678       0x38 ./src/main.o
                0x00000678                UART_Tx
 .text.main     0x000006b0       0x5c ./src/main.o
                0x000006b0                main
 .text.HardFault_Handler
                0x0000070c       0x30 ./src/semihost_hardfault.o
                0x0000070c                HardFault_Handler
 .text.CLOCK_SetEr32kClock
                0x0000073c       0x34 ./drivers/fsl_clock.o
 .text.CLOCK_SetPllFllSelClock
                0x00000770       0x38 ./drivers/fsl_clock.o
 .text.CLOCK_GetOscRangeFromFreq
                0x000007a8       0x4c ./drivers/fsl_clock.o
 .text.CLOCK_SetSimConfig
                0x000007f4       0x38 ./drivers/fsl_clock.o
                0x000007f4                CLOCK_SetSimConfig
 .text.CLOCK_SetInternalRefClkConfig
                0x0000082c      0x128 ./drivers/fsl_clock.o
                0x0000082c                CLOCK_SetInternalRefClkConfig
 .text.CLOCK_EnablePll0
                0x00000954       0x90 ./drivers/fsl_clock.o
                0x00000954                CLOCK_EnablePll0
 .text.CLOCK_InitOsc0
                0x000009e4       0x94 ./drivers/fsl_clock.o
                0x000009e4                CLOCK_InitOsc0
 .text.CLOCK_SetPbeMode
                0x00000a78       0xb0 ./drivers/fsl_clock.o
                0x00000a78                CLOCK_SetPbeMode
 .text.CLOCK_BootToPeeMode
                0x00000b28       0x70 ./drivers/fsl_clock.o
                0x00000b28                CLOCK_BootToPeeMode
 .text.__assertion_failed
                0x00000b98       0x1c ./drivers/fsl_common.o
                0x00000b98                __assertion_failed
 .text.UART0_DriverIRQHandler
                0x00000bb4       0x24 ./drivers/fsl_lpsci.o
                0x00000bb4                UART0_DriverIRQHandler
 .text.UART1_DriverIRQHandler
                0x00000bd8       0x24 ./drivers/fsl_uart.o
                0x00000bd8                UART1_DriverIRQHandler
 .text.UART2_DriverIRQHandler
                0x00000bfc       0x24 ./drivers/fsl_uart.o
                0x00000bfc                UART2_DriverIRQHandler
 .text.CLOCK_SetSimSafeDivs
                0x00000c20       0x20 ./board/clock_config.o
 .text.CLOCK_SetXtal0Freq
                0x00000c40       0x1c ./board/clock_config.o
 .text.CLOCK_CONFIG_SetFllExtRefDiv
                0x00000c5c       0x3c ./board/clock_config.o
 .text.BOARD_BootClockRUN
                0x00000c98       0x64 ./board/clock_config.o
                0x00000c98                BOARD_BootClockRUN
 .text.SystemInit
                0x00000cfc       0x18 ./CMSIS/system_MKL25Z4.o
                0x00000cfc                SystemInit
 .text.malloc   0x00000d14       0xcc c:/nxp/mcuxpressoide_10.3.0_2200/ide/plugins/com.nxp.mcuxpresso.tools.win32_10.3.0.201811011841/tools/bin/../lib/gcc/arm-none-eabi/7.3.1/../../../../arm-none-eabi/lib/thumb/v6-m\libcr_c.a(alloc.o)
                0x00000d14                malloc
 .text._initio  0x00000de0       0x7c c:/nxp/mcuxpressoide_10.3.0_2200/ide/plugins/com.nxp.mcuxpresso.tools.win32_10.3.0.201811011841/tools/bin/../lib/gcc/arm-none-eabi/7.3.1/../../../../arm-none-eabi/lib/thumb/v6-m\libcr_c.a(initio.o)
                0x00000de0                _initio
 .text.setvbuf  0x00000e5c       0x48 c:/nxp/mcuxpressoide_10.3.0_2200/ide/plugins/com.nxp.mcuxpresso.tools.win32_10.3.0.201811011841/tools/bin/../lib/gcc/arm-none-eabi/7.3.1/../../../../arm-none-eabi/lib/thumb/v6-m\libcr_c.a(setvbuf.o)
                0x00000e5c                setvbuf
 .text.strlen   0x00000ea4       0x58 c:/nxp/mcuxpressoide_10.3.0_2200/ide/plugins/com.nxp.mcuxpresso.tools.win32_10.3.0.201811011841/tools/bin/../lib/gcc/arm-none-eabi/7.3.1/../../../../arm-none-eabi/lib/thumb/v6-m\libcr_c.a(strlen.o)
                0x00000ea4                strlen
 .text._sbrk    0x00000efc       0x40 c:/nxp/mcuxpressoide_10.3.0_2200/ide/plugins/com.nxp.mcuxpresso.tools.win32_10.3.0.201811011841/tools/bin/../lib/gcc/arm-none-eabi/7.3.1/../../../../arm-none-eabi/lib/thumb/v6-m\libcr_c.a(_cr_sbrk.o)
                0x00000efc                _sbrk
 .text._deferredlazyseek
                0x00000f3c       0x40 c:/nxp/mcuxpressoide_10.3.0_2200/ide/plugins/com.nxp.mcuxpresso.tools.win32_10.3.0.201811011841/tools/bin/../lib/gcc/arm-none-eabi/7.3.1/../../../../arm-none-eabi/lib/thumb/v6-m\libcr_c.a(_deferredlazyseek.o)
                0x00000f3c                _deferredlazyseek
 .text._fdopen  0x00000f7c       0x74 c:/nxp/mcuxpressoide_10.3.0_2200/ide/plugins/com.nxp.mcuxpresso.tools.win32_10.3.0.201811011841/tools/bin/../lib/gcc/arm-none-eabi/7.3.1/../../../../arm-none-eabi/lib/thumb/v6-m\libcr_c.a(_fdopen.o)
                0x00000f7c                _fdopen
 .text._fflush  0x00000ff0       0x5c c:/nxp/mcuxpressoide_10.3.0_2200/ide/plugins/com.nxp.mcuxpresso.tools.win32_10.3.0.201811011841/tools/bin/../lib/gcc/arm-none-eabi/7.3.1/../../../../arm-none-eabi/lib/thumb/v6-m\libcr_c.a(_fflush.o)
                0x00000ff0                _fflush
 .text._Cwritebuf
                0x0000104c       0x68 c:/nxp/mcuxpressoide_10.3.0_2200/ide/plugins/com.nxp.mcuxpresso.tools.win32_10.3.0.201811011841/tools/bin/../lib/gcc/arm-none-eabi/7.3.1/../../../../arm-none-eabi/lib/thumb/v6-m\libcr_c.a(_writebuf.o)
                0x0000104c                _Cwritebuf
 .text.fclose   0x000010b4       0x5c c:/nxp/mcuxpressoide_10.3.0_2200/ide/plugins/com.nxp.mcuxpresso.tools.win32_10.3.0.201811011841/tools/bin/../lib/gcc/arm-none-eabi/7.3.1/../../../../arm-none-eabi/lib/thumb/v6-m\libcr_c.a(fclose.o)
                0x000010b4                fclose
 .text.fflush   0x00001110       0x44 c:/nxp/mcuxpressoide_10.3.0_2200/ide/plugins/com.nxp.mcuxpresso.tools.win32_10.3.0.201811011841/tools/bin/../lib/gcc/arm-none-eabi/7.3.1/../../../../arm-none-eabi/lib/thumb/v6-m\libcr_c.a(fflush.o)
                0x00001110                fflush
 .text.fseek    0x00001154       0xf0 c:/nxp/mcuxpressoide_10.3.0_2200/ide/plugins/com.nxp.mcuxpresso.tools.win32_10.3.0.201811011841/tools/bin/../lib/gcc/arm-none-eabi/7.3.1/../../../../arm-none-eabi/lib/thumb/v6-m\libcr_c.a(fseek.o)
                0x00001154                fseek
 .text.ftell    0x00001244       0x48 c:/nxp/mcuxpressoide_10.3.0_2200/ide/plugins/com.nxp.mcuxpresso.tools.win32_10.3.0.201811011841/tools/bin/../lib/gcc/arm-none-eabi/7.3.1/../../../../arm-none-eabi/lib/thumb/v6-m\libcr_c.a(ftell.o)
                0x00001244                ftell
 .text.__check_heap_overflow
                0x0000128c       0x14 c:/nxp/mcuxpressoide_10.3.0_2200/ide/plugins/com.nxp.mcuxpresso.tools.win32_10.3.0.201811011841/tools/bin/../lib/gcc/arm-none-eabi/7.3.1/../../../../arm-none-eabi/lib/thumb/v6-m\libcr_c.a(_cr_check_heap.o)
                0x0000128c                __check_heap_overflow
 .text._do_fflush
                0x000012a0       0x44 c:/nxp/mcuxpressoide_10.3.0_2200/ide/plugins/com.nxp.mcuxpresso.tools.win32_10.3.0.201811011841/tools/bin/../lib/gcc/arm-none-eabi/7.3.1/../../../../arm-none-eabi/lib/thumb/v6-m\libcr_c.a(_do_fflush.o)
                0x000012a0                _do_fflush
 .text.DbgConsole_PrintfPaddingCharacter
                0x000012e4       0x46 ./utilities/fsl_debug_console.o
 .text.DbgConsole_ConvertRadixNumToString
                0x0000132a      0x114 ./utilities/fsl_debug_console.o
 .text.DbgConsole_PrintfFormattedData
                0x0000143e      0x32c ./utilities/fsl_debug_console.o
 .text.init     0x0000176a       0x58 ./src/ring.o
                0x0000176a                init
 .text.insert   0x000017c2       0x5e ./src/ring.o
                0x000017c2                insert
 .text.remove_ring
                0x00001820       0x64 ./src/ring.o
                0x00001820                remove_ring
 .text.OSC_SetExtRefClkConfig
                0x00001884       0x3e ./drivers/fsl_clock.o
 .text.OSC_SetCapLoad
                0x000018c2       0x42 ./drivers/fsl_clock.o
 .text.CLOCK_SetExternalRefClkConfig
                0x00001904       0x16 ./drivers/fsl_clock.o
                0x00001904                CLOCK_SetExternalRefClkConfig
 .text.BOARD_InitBootClocks
                0x0000191a        0xe ./board/clock_config.o
                0x0000191a                BOARD_InitBootClocks
 .text.__main   0x00001928        0xc c:/nxp/mcuxpressoide_10.3.0_2200/ide/plugins/com.nxp.mcuxpresso.tools.win32_10.3.0.201811011841/tools/bin/../lib/gcc/arm-none-eabi/7.3.1/../../../../arm-none-eabi/lib/thumb/v6-m\libcr_nohost_nf.a(_cr__main.o)
                0x00001928                __main
 .text.memset   0x00001934        0x8 c:/nxp/mcuxpressoide_10.3.0_2200/ide/plugins/com.nxp.mcuxpresso.tools.win32_10.3.0.201811011841/tools/bin/../lib/gcc/arm-none-eabi/7.3.1/../../../../arm-none-eabi/lib/thumb/v6-m\libcr_c.a(memset.o)
                0x00001934                memset
 .text.free     0x0000193c       0x2c c:/nxp/mcuxpressoide_10.3.0_2200/ide/plugins/com.nxp.mcuxpresso.tools.win32_10.3.0.201811011841/tools/bin/../lib/gcc/arm-none-eabi/7.3.1/../../../../arm-none-eabi/lib/thumb/v6-m\libcr_c.a(alloc.o)
                0x0000193c                free
 .text.remove   0x00001968       0x12 c:/nxp/mcuxpressoide_10.3.0_2200/ide/plugins/com.nxp.mcuxpresso.tools.win32_10.3.0.201811011841/tools/bin/../lib/gcc/arm-none-eabi/7.3.1/../../../../arm-none-eabi/lib/thumb/v6-m\libcr_c.a(remove.o)
                0x00001968                remove
 .text.__aeabi_division_idivmod
                0x0000197a       0x78 c:/nxp/mcuxpressoide_10.3.0_2200/ide/plugins/com.nxp.mcuxpresso.tools.win32_10.3.0.201811011841/tools/bin/../lib/gcc/arm-none-eabi/7.3.1/thumb/v6-m\libcr_eabihelpers.a(division_32.o)
                0x0000197a                __aeabi_idivmod
                0x0000197a                __aeabi_idiv
                0x00001980                __aeabi_uidivmod
                0x00001980                __aeabi_uidiv
 .text.__aeabi_division_idiv0
                0x000019f2        0x2 c:/nxp/mcuxpressoide_10.3.0_2200/ide/plugins/com.nxp.mcuxpresso.tools.win32_10.3.0.201811011841/tools/bin/../lib/gcc/arm-none-eabi/7.3.1/thumb/v6-m\libcr_eabihelpers.a(division_idiv0.o)
                0x000019f2                __aeabi_idiv0
 .text.__aeabi_memset_lowlevel
                0x000019f4       0x2a c:/nxp/mcuxpressoide_10.3.0_2200/ide/plugins/com.nxp.mcuxpresso.tools.win32_10.3.0.201811011841/tools/bin/../lib/gcc/arm-none-eabi/7.3.1/thumb/v6-m\libcr_eabihelpers.a(memcpy.o)
                0x000019f4                __aeabi_lowlevel_memset
 .text.__sys_close
                0x00001a1e        0x6 c:/nxp/mcuxpressoide_10.3.0_2200/ide/plugins/com.nxp.mcuxpresso.tools.win32_10.3.0.201811011841/tools/bin/../lib/gcc/arm-none-eabi/7.3.1/../../../../arm-none-eabi/lib/thumb/v6-m\libcr_nohost_nf.a(__sys_close.o)
                0x00001a1e                __sys_close
 .text.__sys_flen
                0x00001a24        0x6 c:/nxp/mcuxpressoide_10.3.0_2200/ide/plugins/com.nxp.mcuxpresso.tools.win32_10.3.0.201811011841/tools/bin/../lib/gcc/arm-none-eabi/7.3.1/../../../../arm-none-eabi/lib/thumb/v6-m\libcr_nohost_nf.a(__sys_flen.o)
                0x00001a24                __sys_flen
 .text.__sys_istty
                0x00001a2a        0x6 c:/nxp/mcuxpressoide_10.3.0_2200/ide/plugins/com.nxp.mcuxpresso.tools.win32_10.3.0.201811011841/tools/bin/../lib/gcc/arm-none-eabi/7.3.1/../../../../arm-none-eabi/lib/thumb/v6-m\libcr_nohost_nf.a(__sys_istty.o)
                0x00001a2a                __sys_istty
 .text.__sys_remove
                0x00001a30        0x6 c:/nxp/mcuxpressoide_10.3.0_2200/ide/plugins/com.nxp.mcuxpresso.tools.win32_10.3.0.201811011841/tools/bin/../lib/gcc/arm-none-eabi/7.3.1/../../../../arm-none-eabi/lib/thumb/v6-m\libcr_nohost_nf.a(__sys_remove.o)
                0x00001a30                __sys_remove
 .text.__sys_seek
                0x00001a36        0x6 c:/nxp/mcuxpressoide_10.3.0_2200/ide/plugins/com.nxp.mcuxpresso.tools.win32_10.3.0.201811011841/tools/bin/../lib/gcc/arm-none-eabi/7.3.1/../../../../arm-none-eabi/lib/thumb/v6-m\libcr_nohost_nf.a(__sys_seek.o)
                0x00001a36                __sys_seek
 .text.__sys_tmpnam
                0x00001a3c        0x6 c:/nxp/mcuxpressoide_10.3.0_2200/ide/plugins/com.nxp.mcuxpresso.tools.win32_10.3.0.201811011841/tools/bin/../lib/gcc/arm-none-eabi/7.3.1/../../../../arm-none-eabi/lib/thumb/v6-m\libcr_nohost_nf.a(__sys_tmpnam.o)
                0x00001a3c                __sys_tmpnam
 .text.__sys_write
                0x00001a42        0x4 c:/nxp/mcuxpressoide_10.3.0_2200/ide/plugins/com.nxp.mcuxpresso.tools.win32_10.3.0.201811011841/tools/bin/../lib/gcc/arm-none-eabi/7.3.1/../../../../arm-none-eabi/lib/thumb/v6-m\libcr_nohost_nf.a(__sys_write.o)
                0x00001a42                __sys_write
 *(SORT_BY_ALIGNMENT(.rodata) SORT_BY_ALIGNMENT(.rodata.*) SORT_BY_ALIGNMENT(.constdata) SORT_BY_ALIGNMENT(.constdata.*))
 *fill*         0x00001a46        0x2 ff
 .rodata        0x00001a48      0x11d ./drivers/fsl_clock.o
 *fill*         0x00001b65        0x3 ff
 .rodata        0x00001b68        0x4 ./drivers/fsl_common.o
 .rodata.mcgConfig_BOARD_BootClockRUN
                0x00001b6c        0xa ./board/clock_config.o
                0x00001b6c                mcgConfig_BOARD_BootClockRUN
 *fill*         0x00001b76        0x2 ff
 .rodata.simConfig_BOARD_BootClockRUN
                0x00001b78        0x8 ./board/clock_config.o
                0x00001b78                simConfig_BOARD_BootClockRUN
 .rodata.oscConfig_BOARD_BootClockRUN
                0x00001b80        0x8 ./board/clock_config.o
                0x00001b80                oscConfig_BOARD_BootClockRUN
 .rodata.__num_Ciob_streams
                0x00001b88        0x4 c:/nxp/mcuxpressoide_10.3.0_2200/ide/plugins/com.nxp.mcuxpresso.tools.win32_10.3.0.201811011841/tools/bin/../lib/gcc/arm-none-eabi/7.3.1/../../../../arm-none-eabi/lib/thumb/v6-m\libcr_nohost_nf.a(__ciob.o)
                0x00001b88                __num_Ciob_streams
 .rodata._initio.str1.1
                0x00001b8c        0x4 c:/nxp/mcuxpressoide_10.3.0_2200/ide/plugins/com.nxp.mcuxpresso.tools.win32_10.3.0.201811011841/tools/bin/../lib/gcc/arm-none-eabi/7.3.1/../../../../arm-none-eabi/lib/thumb/v6-m\libcr_c.a(initio.o)
                0x00001b90                . = ALIGN (0x4)

.glue_7         0x00001b90        0x0
 .glue_7        0x00001b90        0x0 linker stubs

.glue_7t        0x00001b90        0x0
 .glue_7t       0x00001b90        0x0 linker stubs

.vfp11_veneer   0x00001b90        0x0
 .vfp11_veneer  0x00001b90        0x0 linker stubs

.v4_bx          0x00001b90        0x0
 .v4_bx         0x00001b90        0x0 linker stubs

.iplt           0x00001b90        0x0
 .iplt          0x00001b90        0x0 ./utilities/fsl_debug_console.o

.rel.dyn        0x00001b90        0x0
 .rel.iplt      0x00001b90        0x0 ./utilities/fsl_debug_console.o

.ARM.extab
 *(SORT_BY_ALIGNMENT(.ARM.extab*) SORT_BY_ALIGNMENT(.gnu.linkonce.armextab.*))
                0x00001b90                __exidx_start = .

.ARM.exidx
 *(SORT_BY_ALIGNMENT(.ARM.exidx*) SORT_BY_ALIGNMENT(.gnu.linkonce.armexidx.*))
                0x00001b90                __exidx_end = .
                0x00001b90                _etext = .

.m_usb_data
 *(SORT_BY_ALIGNMENT(m_usb_bdt))

.mtb_buffer_default
                0x1ffff000       0x80
 *(SORT_BY_ALIGNMENT(.mtb*))
 .mtb.$RAM1     0x1ffff000       0x80 ./src/mtb.o
                0x1ffff000                __mtb_buffer__

.uninit_RESERVED
                0x1ffff080        0x0
 *(SORT_BY_ALIGNMENT(.bss.$RESERVED*))
                0x1ffff080                . = ALIGN (0x4)
                0x1ffff080                _end_uninit_RESERVED = .

.data           0x1ffff080        0x4 load address 0x00001b90
 FILL mask 0xff
                0x1ffff080                _data = .
 *(SORT_BY_ALIGNMENT(vtable))
 *(SORT_BY_ALIGNMENT(.ramfunc*))
 *(SORT_BY_ALIGNMENT(.data*))
 .data.SystemCoreClock
                0x1ffff080        0x4 ./CMSIS/system_MKL25Z4.o
                0x1ffff080                SystemCoreClock
                0x1ffff084                . = ALIGN (0x4)
                0x1ffff084                _edata = .

.igot.plt       0x1ffff084        0x0 load address 0x00001b94
 .igot.plt      0x1ffff084        0x0 ./utilities/fsl_debug_console.o

.bss            0x1ffff084       0xf8 load address 0x00001b94
                0x1ffff084                _bss = .
 *(SORT_BY_ALIGNMENT(.bss*))
 .bss.s_debugConsole
                0x1ffff084       0x10 ./utilities/fsl_debug_console.o
 .bss.r_Tx      0x1ffff094        0x4 ./src/main.o
                0x1ffff094                r_Tx
 .bss.r_Rx      0x1ffff098        0x4 ./src/main.o
                0x1ffff098                r_Rx
 .bss.g_xtal0Freq
                0x1ffff09c        0x4 ./drivers/fsl_clock.o
                0x1ffff09c                g_xtal0Freq
 .bss.s_lpsciHandle
                0x1ffff0a0        0x4 ./drivers/fsl_lpsci.o
 .bss.s_lpsciIsr
                0x1ffff0a4        0x4 ./drivers/fsl_lpsci.o
 .bss.s_uartHandle
                0x1ffff0a8        0xc ./drivers/fsl_uart.o
 .bss.s_uartIsr
                0x1ffff0b4        0x4 ./drivers/fsl_uart.o
 .bss.__end_of_heap
                0x1ffff0b8        0x4 c:/nxp/mcuxpressoide_10.3.0_2200/ide/plugins/com.nxp.mcuxpresso.tools.win32_10.3.0.201811011841/tools/bin/../lib/gcc/arm-none-eabi/7.3.1/../../../../arm-none-eabi/lib/thumb/v6-m\libcr_c.a(__init_alloc.o)
                0x1ffff0b8                __end_of_heap
 .bss.__heaps   0x1ffff0bc        0x4 c:/nxp/mcuxpressoide_10.3.0_2200/ide/plugins/com.nxp.mcuxpresso.tools.win32_10.3.0.201811011841/tools/bin/../lib/gcc/arm-none-eabi/7.3.1/../../../../arm-none-eabi/lib/thumb/v6-m\libcr_c.a(__init_alloc.o)
                0x1ffff0bc                __heaps
 .bss.errno     0x1ffff0c0        0x4 c:/nxp/mcuxpressoide_10.3.0_2200/ide/plugins/com.nxp.mcuxpresso.tools.win32_10.3.0.201811011841/tools/bin/../lib/gcc/arm-none-eabi/7.3.1/../../../../arm-none-eabi/lib/thumb/v6-m\libcr_c.a(errno.o)
                0x1ffff0c0                errno
 .bss.__Ciob    0x1ffff0c4       0xb4 c:/nxp/mcuxpressoide_10.3.0_2200/ide/plugins/com.nxp.mcuxpresso.tools.win32_10.3.0.201811011841/tools/bin/../lib/gcc/arm-none-eabi/7.3.1/../../../../arm-none-eabi/lib/thumb/v6-m\libcr_nohost_nf.a(__ciob.o)
                0x1ffff0c4                __Ciob
 .bss.chr_Tx    0x1ffff178        0x1 ./src/main.o
                0x1ffff178                chr_Tx
 *(SORT_BY_ALIGNMENT(COMMON))
                0x1ffff17c                . = ALIGN (0x4)
 *fill*         0x1ffff179        0x3 
                0x1ffff17c                _ebss = .
                [!provide]                PROVIDE (end = .)

.noinit         0x1ffff17c        0x0 load address 0x00001b94
                0x1ffff17c                _noinit = .
 *(SORT_BY_ALIGNMENT(.noinit*))
                0x1ffff17c                . = ALIGN (0x4)
                0x1ffff17c                _end_noinit = .
                0x00000400                _HeapSize = 0x400

.heap           0x1ffff17c      0x400 load address 0x00001b94
                0x1ffff17c                _pvHeapStart = .
                0x1ffff57c                . = (. + _HeapSize)
 *fill*         0x1ffff17c      0x400 
                0x1ffff57c                . = ALIGN (0x4)
                0x1ffff57c                _pvHeapLimit = .
                0x00000400                _StackSize = 0x400

.heap2stackfill
                0x1ffff57c      0x400 load address 0x00001b94
                0x1ffff97c                . = (. + _StackSize)
 *fill*         0x1ffff57c      0x400 

.stack          0x20002c00        0x0
                0x20002c00                _vStackBase = .
                0x20002c00                . = ALIGN (0x4)
                0x20003000                _vStackTop = (. + _StackSize)
                0x00000000                _image_start = LOADADDR (.text)
                0x00001b94                _image_end = (LOADADDR (.data) + SIZEOF (.data))
                0x00001b94                _image_size = (_image_end - _image_start)
OUTPUT(FRDM.axf elf32-littlearm)

.debug_info     0x00000000     0x7675
 .debug_info    0x00000000      0xde1 ./utilities/fsl_debug_console.o
 .debug_info    0x00000de1      0x49b ./startup/startup_mkl25z4.o
 .debug_info    0x0000127c      0xd8d ./src/main.o
 .debug_info    0x00002009       0x52 ./src/mtb.o
 .debug_info    0x0000205b      0x320 ./src/ring.o
 .debug_info    0x0000237b       0x3b ./src/semihost_hardfault.o
 .debug_info    0x000023b6     0x1962 ./drivers/fsl_clock.o
 .debug_info    0x00003d18      0x422 ./drivers/fsl_common.o
 .debug_info    0x0000413a     0x138c ./drivers/fsl_lpsci.o
 .debug_info    0x000054c6     0x1336 ./drivers/fsl_uart.o
 .debug_info    0x000067fc      0xa7b ./board/clock_config.o
 .debug_info    0x00007277      0x3fe ./CMSIS/system_MKL25Z4.o

.debug_abbrev   0x00000000     0x16e5
 .debug_abbrev  0x00000000      0x294 ./utilities/fsl_debug_console.o
 .debug_abbrev  0x00000294      0x16d ./startup/startup_mkl25z4.o
 .debug_abbrev  0x00000401      0x2bd ./src/main.o
 .debug_abbrev  0x000006be       0x44 ./src/mtb.o
 .debug_abbrev  0x00000702      0x15f ./src/ring.o
 .debug_abbrev  0x00000861       0x2f ./src/semihost_hardfault.o
 .debug_abbrev  0x00000890      0x329 ./drivers/fsl_clock.o
 .debug_abbrev  0x00000bb9      0x24a ./drivers/fsl_common.o
 .debug_abbrev  0x00000e03      0x2cd ./drivers/fsl_lpsci.o
 .debug_abbrev  0x000010d0      0x2e5 ./drivers/fsl_uart.o
 .debug_abbrev  0x000013b5      0x1f4 ./board/clock_config.o
 .debug_abbrev  0x000015a9      0x13c ./CMSIS/system_MKL25Z4.o

.debug_aranges  0x00000000      0x7a0
 .debug_aranges
                0x00000000       0x90 ./utilities/fsl_debug_console.o
 .debug_aranges
                0x00000090      0x160 ./startup/startup_mkl25z4.o
 .debug_aranges
                0x000001f0       0x60 ./src/main.o
 .debug_aranges
                0x00000250       0x18 ./src/mtb.o
 .debug_aranges
                0x00000268       0x40 ./src/ring.o
 .debug_aranges
                0x000002a8       0x20 ./src/semihost_hardfault.o
 .debug_aranges
                0x000002c8      0x1d8 ./drivers/fsl_clock.o
 .debug_aranges
                0x000004a0       0x38 ./drivers/fsl_common.o
 .debug_aranges
                0x000004d8      0x118 ./drivers/fsl_lpsci.o
 .debug_aranges
                0x000005f0      0x130 ./drivers/fsl_uart.o
 .debug_aranges
                0x00000720       0x58 ./board/clock_config.o
 .debug_aranges
                0x00000778       0x28 ./CMSIS/system_MKL25Z4.o

.debug_ranges   0x00000000      0x6d8
 .debug_ranges  0x00000000       0x80 ./utilities/fsl_debug_console.o
 .debug_ranges  0x00000080      0x150 ./startup/startup_mkl25z4.o
 .debug_ranges  0x000001d0       0x50 ./src/main.o
 .debug_ranges  0x00000220       0x30 ./src/ring.o
 .debug_ranges  0x00000250       0x10 ./src/semihost_hardfault.o
 .debug_ranges  0x00000260      0x1c8 ./drivers/fsl_clock.o
 .debug_ranges  0x00000428       0x28 ./drivers/fsl_common.o
 .debug_ranges  0x00000450      0x108 ./drivers/fsl_lpsci.o
 .debug_ranges  0x00000558      0x120 ./drivers/fsl_uart.o
 .debug_ranges  0x00000678       0x48 ./board/clock_config.o
 .debug_ranges  0x000006c0       0x18 ./CMSIS/system_MKL25Z4.o

.debug_macro    0x00000000     0x8b0d
 .debug_macro   0x00000000      0x127 ./utilities/fsl_debug_console.o
 .debug_macro   0x00000127      0xa7e ./utilities/fsl_debug_console.o
 .debug_macro   0x00000ba5       0x10 ./utilities/fsl_debug_console.o
 .debug_macro   0x00000bb5       0x16 ./utilities/fsl_debug_console.o
 .debug_macro   0x00000bcb       0x10 ./utilities/fsl_debug_console.o
 .debug_macro   0x00000bdb      0x12d ./utilities/fsl_debug_console.o
 .debug_macro   0x00000d08       0x28 ./utilities/fsl_debug_console.o
 .debug_macro   0x00000d30       0xc4 ./utilities/fsl_debug_console.o
 .debug_macro   0x00000df4       0x16 ./utilities/fsl_debug_console.o
 .debug_macro   0x00000e0a       0x22 ./utilities/fsl_debug_console.o
 .debug_macro   0x00000e2c      0x5b2 ./utilities/fsl_debug_console.o
 .debug_macro   0x000013de       0x10 ./utilities/fsl_debug_console.o
 .debug_macro   0x000013ee       0x3f ./utilities/fsl_debug_console.o
 .debug_macro   0x0000142d       0x3a ./utilities/fsl_debug_console.o
 .debug_macro   0x00001467       0x26 ./utilities/fsl_debug_console.o
 .debug_macro   0x0000148d      0x329 ./utilities/fsl_debug_console.o
 .debug_macro   0x000017b6       0x30 ./utilities/fsl_debug_console.o
 .debug_macro   0x000017e6     0x51e2 ./utilities/fsl_debug_console.o
 .debug_macro   0x000069c8     0x1352 ./utilities/fsl_debug_console.o
 .debug_macro   0x00007d1a       0x3a ./utilities/fsl_debug_console.o
 .debug_macro   0x00007d54       0xf4 ./utilities/fsl_debug_console.o
 .debug_macro   0x00007e48       0x35 ./utilities/fsl_debug_console.o
 .debug_macro   0x00007e7d       0x2e ./utilities/fsl_debug_console.o
 .debug_macro   0x00007eab       0x10 ./utilities/fsl_debug_console.o
 .debug_macro   0x00007ebb       0x10 ./utilities/fsl_debug_console.o
 .debug_macro   0x00007ecb       0x29 ./startup/startup_mkl25z4.o
 .debug_macro   0x00007ef4      0x168 ./src/main.o
 .debug_macro   0x0000805c       0x10 ./src/main.o
 .debug_macro   0x0000806c       0xd8 ./src/main.o
 .debug_macro   0x00008144       0x16 ./src/main.o
 .debug_macro   0x0000815a       0x10 ./src/main.o
 .debug_macro   0x0000816a      0x112 ./src/main.o
 .debug_macro   0x0000827c       0x22 ./src/main.o
 .debug_macro   0x0000829e       0x16 ./src/main.o
 .debug_macro   0x000082b4       0x2f ./src/mtb.o
 .debug_macro   0x000082e3       0x82 ./src/mtb.o
 .debug_macro   0x00008365       0x10 ./src/mtb.o
 .debug_macro   0x00008375       0x7f ./src/ring.o
 .debug_macro   0x000083f4       0xd2 ./src/ring.o
 .debug_macro   0x000084c6       0x11 ./src/semihost_hardfault.o
 .debug_macro   0x000084d7      0x196 ./drivers/fsl_clock.o
 .debug_macro   0x0000866d       0x1c ./drivers/fsl_clock.o
 .debug_macro   0x00008689       0xef ./drivers/fsl_common.o
 .debug_macro   0x00008778       0xec ./drivers/fsl_lpsci.o
 .debug_macro   0x00008864       0xf2 ./drivers/fsl_uart.o
 .debug_macro   0x00008956      0x123 ./board/clock_config.o
 .debug_macro   0x00008a79       0x94 ./CMSIS/system_MKL25Z4.o

.debug_line     0x00000000     0x311b
 .debug_line    0x00000000      0x715 ./utilities/fsl_debug_console.o
 .debug_line    0x00000715      0x128 ./startup/startup_mkl25z4.o
 .debug_line    0x0000083d      0x3d8 ./src/main.o
 .debug_line    0x00000c15       0xce ./src/mtb.o
 .debug_line    0x00000ce3      0x257 ./src/ring.o
 .debug_line    0x00000f3a       0x51 ./src/semihost_hardfault.o
 .debug_line    0x00000f8b      0x9e5 ./drivers/fsl_clock.o
 .debug_line    0x00001970      0x2f9 ./drivers/fsl_common.o
 .debug_line    0x00001c69      0x795 ./drivers/fsl_lpsci.o
 .debug_line    0x000023fe      0x798 ./drivers/fsl_uart.o
 .debug_line    0x00002b96      0x325 ./board/clock_config.o
 .debug_line    0x00002ebb      0x260 ./CMSIS/system_MKL25Z4.o

.debug_str      0x00000000    0x35c88
 .debug_str     0x00000000    0x313e4 ./utilities/fsl_debug_console.o
                              0x316ab (size before relaxing)
 .debug_str     0x000313e4      0x3e1 ./startup/startup_mkl25z4.o
                               0x3117 (size before relaxing)
 .debug_str     0x000317c5     0x1464 ./src/main.o
                              0x31ec1 (size before relaxing)
 .debug_str     0x00032c29      0x52f ./src/mtb.o
                               0x3220 (size before relaxing)
 .debug_str     0x00033158       0x37 ./src/ring.o
                               0x487a (size before relaxing)
 .debug_str     0x0003318f       0x1c ./src/semihost_hardfault.o
                               0x2d0d (size before relaxing)
 .debug_str     0x000331ab     0x14d2 ./drivers/fsl_clock.o
                              0x3221e (size before relaxing)
 .debug_str     0x0003467d      0x134 ./drivers/fsl_common.o
                              0x30805 (size before relaxing)
 .debug_str     0x000347b1      0x956 ./drivers/fsl_lpsci.o
                              0x31826 (size before relaxing)
 .debug_str     0x00035107      0x832 ./drivers/fsl_uart.o
                              0x31849 (size before relaxing)
 .debug_str     0x00035939      0x300 ./board/clock_config.o
                              0x3114c (size before relaxing)
 .debug_str     0x00035c39       0x4f ./CMSIS/system_MKL25Z4.o
                              0x2fb88 (size before relaxing)

.comment        0x00000000       0x7f
 .comment       0x00000000       0x7f ./utilities/fsl_debug_console.o
                                 0x80 (size before relaxing)
 .comment       0x0000007f       0x80 ./startup/startup_mkl25z4.o
 .comment       0x0000007f       0x80 ./src/main.o
 .comment       0x0000007f       0x80 ./src/mtb.o
 .comment       0x0000007f       0x80 ./src/ring.o
 .comment       0x0000007f       0x80 ./src/semihost_hardfault.o
 .comment       0x0000007f       0x80 ./drivers/fsl_clock.o
 .comment       0x0000007f       0x80 ./drivers/fsl_common.o
 .comment       0x0000007f       0x80 ./drivers/fsl_lpsci.o
 .comment       0x0000007f       0x80 ./drivers/fsl_uart.o
 .comment       0x0000007f       0x80 ./board/clock_config.o
 .comment       0x0000007f       0x80 ./CMSIS/system_MKL25Z4.o
 .comment       0x0000007f       0x80 c:/nxp/mcuxpressoide_10.3.0_2200/ide/plugins/com.nxp.mcuxpresso.tools.win32_10.3.0.201811011841/tools/bin/../lib/gcc/arm-none-eabi/7.3.1/../../../../arm-none-eabi/lib/thumb/v6-m\libcr_nohost_nf.a(_cr__main.o)
 .comment       0x0000007f       0x80 c:/nxp/mcuxpressoide_10.3.0_2200/ide/plugins/com.nxp.mcuxpresso.tools.win32_10.3.0.201811011841/tools/bin/../lib/gcc/arm-none-eabi/7.3.1/../../../../arm-none-eabi/lib/thumb/v6-m\libcr_c.a(memset.o)
 .comment       0x0000007f       0x80 c:/nxp/mcuxpressoide_10.3.0_2200/ide/plugins/com.nxp.mcuxpresso.tools.win32_10.3.0.201811011841/tools/bin/../lib/gcc/arm-none-eabi/7.3.1/../../../../arm-none-eabi/lib/thumb/v6-m\libcr_c.a(alloc.o)
 .comment       0x0000007f       0x80 c:/nxp/mcuxpressoide_10.3.0_2200/ide/plugins/com.nxp.mcuxpresso.tools.win32_10.3.0.201811011841/tools/bin/../lib/gcc/arm-none-eabi/7.3.1/../../../../arm-none-eabi/lib/thumb/v6-m\libcr_c.a(initio.o)
 .comment       0x0000007f       0x80 c:/nxp/mcuxpressoide_10.3.0_2200/ide/plugins/com.nxp.mcuxpresso.tools.win32_10.3.0.201811011841/tools/bin/../lib/gcc/arm-none-eabi/7.3.1/../../../../arm-none-eabi/lib/thumb/v6-m\libcr_c.a(setvbuf.o)
 .comment       0x0000007f       0x80 c:/nxp/mcuxpressoide_10.3.0_2200/ide/plugins/com.nxp.mcuxpresso.tools.win32_10.3.0.201811011841/tools/bin/../lib/gcc/arm-none-eabi/7.3.1/../../../../arm-none-eabi/lib/thumb/v6-m\libcr_c.a(strlen.o)
 .comment       0x0000007f       0x80 c:/nxp/mcuxpressoide_10.3.0_2200/ide/plugins/com.nxp.mcuxpresso.tools.win32_10.3.0.201811011841/tools/bin/../lib/gcc/arm-none-eabi/7.3.1/../../../../arm-none-eabi/lib/thumb/v6-m\libcr_c.a(__init_alloc.o)
 .comment       0x0000007f       0x80 c:/nxp/mcuxpressoide_10.3.0_2200/ide/plugins/com.nxp.mcuxpresso.tools.win32_10.3.0.201811011841/tools/bin/../lib/gcc/arm-none-eabi/7.3.1/../../../../arm-none-eabi/lib/thumb/v6-m\libcr_c.a(_cr_sbrk.o)
 .comment       0x0000007f       0x80 c:/nxp/mcuxpressoide_10.3.0_2200/ide/plugins/com.nxp.mcuxpresso.tools.win32_10.3.0.201811011841/tools/bin/../lib/gcc/arm-none-eabi/7.3.1/../../../../arm-none-eabi/lib/thumb/v6-m\libcr_c.a(_deferredlazyseek.o)
 .comment       0x0000007f       0x80 c:/nxp/mcuxpressoide_10.3.0_2200/ide/plugins/com.nxp.mcuxpresso.tools.win32_10.3.0.201811011841/tools/bin/../lib/gcc/arm-none-eabi/7.3.1/../../../../arm-none-eabi/lib/thumb/v6-m\libcr_c.a(_fdopen.o)
 .comment       0x0000007f       0x80 c:/nxp/mcuxpressoide_10.3.0_2200/ide/plugins/com.nxp.mcuxpresso.tools.win32_10.3.0.201811011841/tools/bin/../lib/gcc/arm-none-eabi/7.3.1/../../../../arm-none-eabi/lib/thumb/v6-m\libcr_c.a(_fflush.o)
 .comment       0x0000007f       0x80 c:/nxp/mcuxpressoide_10.3.0_2200/ide/plugins/com.nxp.mcuxpresso.tools.win32_10.3.0.201811011841/tools/bin/../lib/gcc/arm-none-eabi/7.3.1/../../../../arm-none-eabi/lib/thumb/v6-m\libcr_c.a(_writebuf.o)
 .comment       0x0000007f       0x80 c:/nxp/mcuxpressoide_10.3.0_2200/ide/plugins/com.nxp.mcuxpresso.tools.win32_10.3.0.201811011841/tools/bin/../lib/gcc/arm-none-eabi/7.3.1/../../../../arm-none-eabi/lib/thumb/v6-m\libcr_c.a(errno.o)
 .comment       0x0000007f       0x80 c:/nxp/mcuxpressoide_10.3.0_2200/ide/plugins/com.nxp.mcuxpresso.tools.win32_10.3.0.201811011841/tools/bin/../lib/gcc/arm-none-eabi/7.3.1/../../../../arm-none-eabi/lib/thumb/v6-m\libcr_c.a(fclose.o)
 .comment       0x0000007f       0x80 c:/nxp/mcuxpressoide_10.3.0_2200/ide/plugins/com.nxp.mcuxpresso.tools.win32_10.3.0.201811011841/tools/bin/../lib/gcc/arm-none-eabi/7.3.1/../../../../arm-none-eabi/lib/thumb/v6-m\libcr_c.a(fflush.o)
 .comment       0x0000007f       0x80 c:/nxp/mcuxpressoide_10.3.0_2200/ide/plugins/com.nxp.mcuxpresso.tools.win32_10.3.0.201811011841/tools/bin/../lib/gcc/arm-none-eabi/7.3.1/../../../../arm-none-eabi/lib/thumb/v6-m\libcr_c.a(fseek.o)
 .comment       0x0000007f       0x80 c:/nxp/mcuxpressoide_10.3.0_2200/ide/plugins/com.nxp.mcuxpresso.tools.win32_10.3.0.201811011841/tools/bin/../lib/gcc/arm-none-eabi/7.3.1/../../../../arm-none-eabi/lib/thumb/v6-m\libcr_c.a(ftell.o)
 .comment       0x0000007f       0x80 c:/nxp/mcuxpressoide_10.3.0_2200/ide/plugins/com.nxp.mcuxpresso.tools.win32_10.3.0.201811011841/tools/bin/../lib/gcc/arm-none-eabi/7.3.1/../../../../arm-none-eabi/lib/thumb/v6-m\libcr_c.a(remove.o)
 .comment       0x0000007f       0x80 c:/nxp/mcuxpressoide_10.3.0_2200/ide/plugins/com.nxp.mcuxpresso.tools.win32_10.3.0.201811011841/tools/bin/../lib/gcc/arm-none-eabi/7.3.1/../../../../arm-none-eabi/lib/thumb/v6-m\libcr_c.a(_cr_check_heap.o)
 .comment       0x0000007f       0x80 c:/nxp/mcuxpressoide_10.3.0_2200/ide/plugins/com.nxp.mcuxpresso.tools.win32_10.3.0.201811011841/tools/bin/../lib/gcc/arm-none-eabi/7.3.1/../../../../arm-none-eabi/lib/thumb/v6-m\libcr_c.a(_do_fflush.o)
 .comment       0x0000007f       0x80 c:/nxp/mcuxpressoide_10.3.0_2200/ide/plugins/com.nxp.mcuxpresso.tools.win32_10.3.0.201811011841/tools/bin/../lib/gcc/arm-none-eabi/7.3.1/../../../../arm-none-eabi/lib/thumb/v6-m\libcr_nohost_nf.a(__ciob.o)
 .comment       0x0000007f       0x80 c:/nxp/mcuxpressoide_10.3.0_2200/ide/plugins/com.nxp.mcuxpresso.tools.win32_10.3.0.201811011841/tools/bin/../lib/gcc/arm-none-eabi/7.3.1/../../../../arm-none-eabi/lib/thumb/v6-m\libcr_nohost_nf.a(__sys_close.o)
 .comment       0x0000007f       0x80 c:/nxp/mcuxpressoide_10.3.0_2200/ide/plugins/com.nxp.mcuxpresso.tools.win32_10.3.0.201811011841/tools/bin/../lib/gcc/arm-none-eabi/7.3.1/../../../../arm-none-eabi/lib/thumb/v6-m\libcr_nohost_nf.a(__sys_flen.o)
 .comment       0x0000007f       0x80 c:/nxp/mcuxpressoide_10.3.0_2200/ide/plugins/com.nxp.mcuxpresso.tools.win32_10.3.0.201811011841/tools/bin/../lib/gcc/arm-none-eabi/7.3.1/../../../../arm-none-eabi/lib/thumb/v6-m\libcr_nohost_nf.a(__sys_istty.o)
 .comment       0x0000007f       0x80 c:/nxp/mcuxpressoide_10.3.0_2200/ide/plugins/com.nxp.mcuxpresso.tools.win32_10.3.0.201811011841/tools/bin/../lib/gcc/arm-none-eabi/7.3.1/../../../../arm-none-eabi/lib/thumb/v6-m\libcr_nohost_nf.a(__sys_remove.o)
 .comment       0x0000007f       0x80 c:/nxp/mcuxpressoide_10.3.0_2200/ide/plugins/com.nxp.mcuxpresso.tools.win32_10.3.0.201811011841/tools/bin/../lib/gcc/arm-none-eabi/7.3.1/../../../../arm-none-eabi/lib/thumb/v6-m\libcr_nohost_nf.a(__sys_seek.o)
 .comment       0x0000007f       0x80 c:/nxp/mcuxpressoide_10.3.0_2200/ide/plugins/com.nxp.mcuxpresso.tools.win32_10.3.0.201811011841/tools/bin/../lib/gcc/arm-none-eabi/7.3.1/../../../../arm-none-eabi/lib/thumb/v6-m\libcr_nohost_nf.a(__sys_tmpnam.o)
 .comment       0x0000007f       0x80 c:/nxp/mcuxpressoide_10.3.0_2200/ide/plugins/com.nxp.mcuxpresso.tools.win32_10.3.0.201811011841/tools/bin/../lib/gcc/arm-none-eabi/7.3.1/../../../../arm-none-eabi/lib/thumb/v6-m\libcr_nohost_nf.a(__sys_write.o)

.ARM.attributes
                0x00000000       0x30
 .ARM.attributes
                0x00000000       0x32 ./utilities/fsl_debug_console.o
 .ARM.attributes
                0x00000032       0x32 ./startup/startup_mkl25z4.o
 .ARM.attributes
                0x00000064       0x32 ./src/main.o
 .ARM.attributes
                0x00000096       0x32 ./src/mtb.o
 .ARM.attributes
                0x000000c8       0x32 ./src/ring.o
 .ARM.attributes
                0x000000fa       0x32 ./src/semihost_hardfault.o
 .ARM.attributes
                0x0000012c       0x32 ./drivers/fsl_clock.o
 .ARM.attributes
                0x0000015e       0x32 ./drivers/fsl_common.o
 .ARM.attributes
                0x00000190       0x32 ./drivers/fsl_lpsci.o
 .ARM.attributes
                0x000001c2       0x32 ./drivers/fsl_uart.o
 .ARM.attributes
                0x000001f4       0x32 ./board/clock_config.o
 .ARM.attributes
                0x00000226       0x32 ./CMSIS/system_MKL25Z4.o
 .ARM.attributes
                0x00000258       0x31 c:/nxp/mcuxpressoide_10.3.0_2200/ide/plugins/com.nxp.mcuxpresso.tools.win32_10.3.0.201811011841/tools/bin/../lib/gcc/arm-none-eabi/7.3.1/../../../../arm-none-eabi/lib/thumb/v6-m\libcr_nohost_nf.a(_cr__main.o)
 .ARM.attributes
                0x00000289       0x31 c:/nxp/mcuxpressoide_10.3.0_2200/ide/plugins/com.nxp.mcuxpresso.tools.win32_10.3.0.201811011841/tools/bin/../lib/gcc/arm-none-eabi/7.3.1/../../../../arm-none-eabi/lib/thumb/v6-m\libcr_c.a(memset.o)
 .ARM.attributes
                0x000002ba       0x31 c:/nxp/mcuxpressoide_10.3.0_2200/ide/plugins/com.nxp.mcuxpresso.tools.win32_10.3.0.201811011841/tools/bin/../lib/gcc/arm-none-eabi/7.3.1/../../../../arm-none-eabi/lib/thumb/v6-m\libcr_c.a(alloc.o)
 .ARM.attributes
                0x000002eb       0x31 c:/nxp/mcuxpressoide_10.3.0_2200/ide/plugins/com.nxp.mcuxpresso.tools.win32_10.3.0.201811011841/tools/bin/../lib/gcc/arm-none-eabi/7.3.1/../../../../arm-none-eabi/lib/thumb/v6-m\libcr_c.a(initio.o)
 .ARM.attributes
                0x0000031c       0x31 c:/nxp/mcuxpressoide_10.3.0_2200/ide/plugins/com.nxp.mcuxpresso.tools.win32_10.3.0.201811011841/tools/bin/../lib/gcc/arm-none-eabi/7.3.1/../../../../arm-none-eabi/lib/thumb/v6-m\libcr_c.a(setvbuf.o)
 .ARM.attributes
                0x0000034d       0x31 c:/nxp/mcuxpressoide_10.3.0_2200/ide/plugins/com.nxp.mcuxpresso.tools.win32_10.3.0.201811011841/tools/bin/../lib/gcc/arm-none-eabi/7.3.1/../../../../arm-none-eabi/lib/thumb/v6-m\libcr_c.a(strlen.o)
 .ARM.attributes
                0x0000037e       0x31 c:/nxp/mcuxpressoide_10.3.0_2200/ide/plugins/com.nxp.mcuxpresso.tools.win32_10.3.0.201811011841/tools/bin/../lib/gcc/arm-none-eabi/7.3.1/../../../../arm-none-eabi/lib/thumb/v6-m\libcr_c.a(__init_alloc.o)
 .ARM.attributes
                0x000003af       0x31 c:/nxp/mcuxpressoide_10.3.0_2200/ide/plugins/com.nxp.mcuxpresso.tools.win32_10.3.0.201811011841/tools/bin/../lib/gcc/arm-none-eabi/7.3.1/../../../../arm-none-eabi/lib/thumb/v6-m\libcr_c.a(_cr_sbrk.o)
 .ARM.attributes
                0x000003e0       0x31 c:/nxp/mcuxpressoide_10.3.0_2200/ide/plugins/com.nxp.mcuxpresso.tools.win32_10.3.0.201811011841/tools/bin/../lib/gcc/arm-none-eabi/7.3.1/../../../../arm-none-eabi/lib/thumb/v6-m\libcr_c.a(_deferredlazyseek.o)
 .ARM.attributes
                0x00000411       0x31 c:/nxp/mcuxpressoide_10.3.0_2200/ide/plugins/com.nxp.mcuxpresso.tools.win32_10.3.0.201811011841/tools/bin/../lib/gcc/arm-none-eabi/7.3.1/../../../../arm-none-eabi/lib/thumb/v6-m\libcr_c.a(_fdopen.o)
 .ARM.attributes
                0x00000442       0x31 c:/nxp/mcuxpressoide_10.3.0_2200/ide/plugins/com.nxp.mcuxpresso.tools.win32_10.3.0.201811011841/tools/bin/../lib/gcc/arm-none-eabi/7.3.1/../../../../arm-none-eabi/lib/thumb/v6-m\libcr_c.a(_fflush.o)
 .ARM.attributes
                0x00000473       0x31 c:/nxp/mcuxpressoide_10.3.0_2200/ide/plugins/com.nxp.mcuxpresso.tools.win32_10.3.0.201811011841/tools/bin/../lib/gcc/arm-none-eabi/7.3.1/../../../../arm-none-eabi/lib/thumb/v6-m\libcr_c.a(_writebuf.o)
 .ARM.attributes
                0x000004a4       0x31 c:/nxp/mcuxpressoide_10.3.0_2200/ide/plugins/com.nxp.mcuxpresso.tools.win32_10.3.0.201811011841/tools/bin/../lib/gcc/arm-none-eabi/7.3.1/../../../../arm-none-eabi/lib/thumb/v6-m\libcr_c.a(errno.o)
 .ARM.attributes
                0x000004d5       0x31 c:/nxp/mcuxpressoide_10.3.0_2200/ide/plugins/com.nxp.mcuxpresso.tools.win32_10.3.0.201811011841/tools/bin/../lib/gcc/arm-none-eabi/7.3.1/../../../../arm-none-eabi/lib/thumb/v6-m\libcr_c.a(fclose.o)
 .ARM.attributes
                0x00000506       0x31 c:/nxp/mcuxpressoide_10.3.0_2200/ide/plugins/com.nxp.mcuxpresso.tools.win32_10.3.0.201811011841/tools/bin/../lib/gcc/arm-none-eabi/7.3.1/../../../../arm-none-eabi/lib/thumb/v6-m\libcr_c.a(fflush.o)
 .ARM.attributes
                0x00000537       0x31 c:/nxp/mcuxpressoide_10.3.0_2200/ide/plugins/com.nxp.mcuxpresso.tools.win32_10.3.0.201811011841/tools/bin/../lib/gcc/arm-none-eabi/7.3.1/../../../../arm-none-eabi/lib/thumb/v6-m\libcr_c.a(fseek.o)
 .ARM.attributes
                0x00000568       0x31 c:/nxp/mcuxpressoide_10.3.0_2200/ide/plugins/com.nxp.mcuxpresso.tools.win32_10.3.0.201811011841/tools/bin/../lib/gcc/arm-none-eabi/7.3.1/../../../../arm-none-eabi/lib/thumb/v6-m\libcr_c.a(ftell.o)
 .ARM.attributes
                0x00000599       0x31 c:/nxp/mcuxpressoide_10.3.0_2200/ide/plugins/com.nxp.mcuxpresso.tools.win32_10.3.0.201811011841/tools/bin/../lib/gcc/arm-none-eabi/7.3.1/../../../../arm-none-eabi/lib/thumb/v6-m\libcr_c.a(remove.o)
 .ARM.attributes
                0x000005ca       0x31 c:/nxp/mcuxpressoide_10.3.0_2200/ide/plugins/com.nxp.mcuxpresso.tools.win32_10.3.0.201811011841/tools/bin/../lib/gcc/arm-none-eabi/7.3.1/../../../../arm-none-eabi/lib/thumb/v6-m\libcr_c.a(_cr_check_heap.o)
 .ARM.attributes
                0x000005fb       0x31 c:/nxp/mcuxpressoide_10.3.0_2200/ide/plugins/com.nxp.mcuxpresso.tools.win32_10.3.0.201811011841/tools/bin/../lib/gcc/arm-none-eabi/7.3.1/../../../../arm-none-eabi/lib/thumb/v6-m\libcr_c.a(_do_fflush.o)
 .ARM.attributes
                0x0000062c       0x21 c:/nxp/mcuxpressoide_10.3.0_2200/ide/plugins/com.nxp.mcuxpresso.tools.win32_10.3.0.201811011841/tools/bin/../lib/gcc/arm-none-eabi/7.3.1/thumb/v6-m\libcr_eabihelpers.a(division_32.o)
 .ARM.attributes
                0x0000064d       0x21 c:/nxp/mcuxpressoide_10.3.0_2200/ide/plugins/com.nxp.mcuxpresso.tools.win32_10.3.0.201811011841/tools/bin/../lib/gcc/arm-none-eabi/7.3.1/thumb/v6-m\libcr_eabihelpers.a(division_idiv0.o)
 .ARM.attributes
                0x0000066e       0x21 c:/nxp/mcuxpressoide_10.3.0_2200/ide/plugins/com.nxp.mcuxpresso.tools.win32_10.3.0.201811011841/tools/bin/../lib/gcc/arm-none-eabi/7.3.1/thumb/v6-m\libcr_eabihelpers.a(memcpy.o)
 .ARM.attributes
                0x0000068f       0x31 c:/nxp/mcuxpressoide_10.3.0_2200/ide/plugins/com.nxp.mcuxpresso.tools.win32_10.3.0.201811011841/tools/bin/../lib/gcc/arm-none-eabi/7.3.1/../../../../arm-none-eabi/lib/thumb/v6-m\libcr_nohost_nf.a(__ciob.o)
 .ARM.attributes
                0x000006c0       0x31 c:/nxp/mcuxpressoide_10.3.0_2200/ide/plugins/com.nxp.mcuxpresso.tools.win32_10.3.0.201811011841/tools/bin/../lib/gcc/arm-none-eabi/7.3.1/../../../../arm-none-eabi/lib/thumb/v6-m\libcr_nohost_nf.a(__sys_close.o)
 .ARM.attributes
                0x000006f1       0x31 c:/nxp/mcuxpressoide_10.3.0_2200/ide/plugins/com.nxp.mcuxpresso.tools.win32_10.3.0.201811011841/tools/bin/../lib/gcc/arm-none-eabi/7.3.1/../../../../arm-none-eabi/lib/thumb/v6-m\libcr_nohost_nf.a(__sys_flen.o)
 .ARM.attributes
                0x00000722       0x31 c:/nxp/mcuxpressoide_10.3.0_2200/ide/plugins/com.nxp.mcuxpresso.tools.win32_10.3.0.201811011841/tools/bin/../lib/gcc/arm-none-eabi/7.3.1/../../../../arm-none-eabi/lib/thumb/v6-m\libcr_nohost_nf.a(__sys_istty.o)
 .ARM.attributes
                0x00000753       0x31 c:/nxp/mcuxpressoide_10.3.0_2200/ide/plugins/com.nxp.mcuxpresso.tools.win32_10.3.0.201811011841/tools/bin/../lib/gcc/arm-none-eabi/7.3.1/../../../../arm-none-eabi/lib/thumb/v6-m\libcr_nohost_nf.a(__sys_remove.o)
 .ARM.attributes
                0x00000784       0x31 c:/nxp/mcuxpressoide_10.3.0_2200/ide/plugins/com.nxp.mcuxpresso.tools.win32_10.3.0.201811011841/tools/bin/../lib/gcc/arm-none-eabi/7.3.1/../../../../arm-none-eabi/lib/thumb/v6-m\libcr_nohost_nf.a(__sys_seek.o)
 .ARM.attributes
                0x000007b5       0x31 c:/nxp/mcuxpressoide_10.3.0_2200/ide/plugins/com.nxp.mcuxpresso.tools.win32_10.3.0.201811011841/tools/bin/../lib/gcc/arm-none-eabi/7.3.1/../../../../arm-none-eabi/lib/thumb/v6-m\libcr_nohost_nf.a(__sys_tmpnam.o)
 .ARM.attributes
                0x000007e6       0x31 c:/nxp/mcuxpressoide_10.3.0_2200/ide/plugins/com.nxp.mcuxpresso.tools.win32_10.3.0.201811011841/tools/bin/../lib/gcc/arm-none-eabi/7.3.1/../../../../arm-none-eabi/lib/thumb/v6-m\libcr_nohost_nf.a(__sys_write.o)

.debug_frame    0x00000000     0x18d0
 .debug_frame   0x00000000      0x1f0 ./utilities/fsl_debug_console.o
 .debug_frame   0x000001f0      0x3b0 ./startup/startup_mkl25z4.o
 .debug_frame   0x000005a0      0x124 ./src/main.o
 .debug_frame   0x000006c4       0xb0 ./src/ring.o
 .debug_frame   0x00000774       0x20 ./src/semihost_hardfault.o
 .debug_frame   0x00000794      0x6e0 ./drivers/fsl_clock.o
 .debug_frame   0x00000e74       0x90 ./drivers/fsl_common.o
 .debug_frame   0x00000f04      0x418 ./drivers/fsl_lpsci.o
 .debug_frame   0x0000131c      0x468 ./drivers/fsl_uart.o
 .debug_frame   0x00001784      0x100 ./board/clock_config.o
 .debug_frame   0x00001884       0x4c ./CMSIS/system_MKL25Z4.o
